04-14 00:28:38.885  3283  8738 I FacsCacheGmsModule: Operation 'WriteDeviceLevelSettingsOperation' successful!
04-14 00:28:38.886  3283  8738 I FacsCacheGmsModule: Executing operation 'WriteDeviceLevelSettingsOperation'...
04-14 00:28:38.892  3283  7107 I FacsCacheGmsModule: Received 'writeDeviceLevelSettings' request from package 'com.google.android.gms'...
04-14 00:28:38.893  1591  3312 D CompatibilityInfo: mCompatibilityFlags - 0
04-14 00:28:38.893  1591  3312 D CompatibilityInfo: applicationDensity - 440
04-14 00:28:38.893  1591  3312 D CompatibilityInfo: applicationScale - 1.0
04-14 00:28:38.893  3283  7107 I FacsCacheGmsModule: Operation 'writeDeviceLevelSettings' dispatched!
04-14 00:28:38.897  3283  8738 I FacsCacheGmsModule: Operation 'WriteDeviceLevelSettingsOperation' successful!
04-14 00:28:38.898  3283  8738 I FacsCacheGmsModule: Executing operation 'WriteDeviceLevelSettingsOperation'...
04-14 00:28:38.898 23886  9099 I ContactsLoggerIntent: handleUdcSettingChanged: Udc flag is enabled [CONTEXT service_id=135 ]
04-14 00:28:38.898 23886 24056 I cr_CronetUrlRequestContext: destroyNativeStreamLocked org.chromium.net.impl.CronetBidirectionalStream@b1457b9
04-14 00:28:38.910  1591  2497 D CompatibilityInfo: mCompatibilityFlags - 0
04-14 00:28:38.910  1591  2497 D CompatibilityInfo: applicationDensity - 440
04-14 00:28:38.910  1591  2497 D CompatibilityInfo: applicationScale - 1.0
04-14 00:28:38.914  3283  8738 I FacsCacheGmsModule: Operation 'WriteDeviceLevelSettingsOperation' successful!
04-14 00:28:38.920  1591  2497 D CompatibilityInfo: mCompatibilityFlags - 0
04-14 00:28:38.920  1591  2497 D CompatibilityInfo: applicationDensity - 440
04-14 00:28:38.920  1591  2497 D CompatibilityInfo: applicationScale - 1.0
04-14 00:28:38.922 23886  9101 I ContactsLoggerIntent: handleUdcSettingChanged: Udc flag is enabled [CONTEXT service_id=135 ]
04-14 00:28:38.926 23886  9125 W gle.android.gm: Long monitor contention with owner lowpool[80] (9116) at djnl djnu.b(djnf, java.util.Set)(:com.google.android.gms@231213044@23.12.13 (190400-520023152):3) waiters=7 in djnl djnu.b(djnf, java.util.Set) for 326ms
04-14 00:28:38.926 23886  9113 W DataCollectionRegistryC: missing CollectionDefinition for footprints-pa.googleapis.com/footprints.oneplatform.FootprintsService/GetActivityControlsSettings
04-14 00:28:38.926  1591  3312 D CompatibilityInfo: mCompatibilityFlags - 0
04-14 00:28:38.926  1591  3312 D CompatibilityInfo: applicationDensity - 440
04-14 00:28:38.926  1591  3312 D CompatibilityInfo: applicationScale - 1.0
04-14 00:28:38.928  3283  7107 I FacsCacheGmsModule: Received 'writeDeviceLevelSettings' request from package 'com.google.android.gms'...
04-14 00:28:38.928  3283  7107 I FacsCacheGmsModule: Operation 'writeDeviceLevelSettings' dispatched!
04-14 00:28:38.929  3283  9130 I FacsCacheGmsModule: Executing operation 'WriteDeviceLevelSettingsOperation'...
04-14 00:28:38.929  6493  6493 I A       : (REDACTED) Refusing EXCLUSIVE task %s, it is already pending. Try again in %d seconds.
04-14 00:28:38.933  3283  7510 I FacsCacheGmsModule: Received 'writeDeviceLevelSettings' request from package 'com.google.android.gms'...
04-14 00:28:38.934  3283  7510 I FacsCacheGmsModule: Operation 'writeDeviceLevelSettings' dispatched!
04-14 00:28:38.937  3283  7107 I FacsCacheGmsModule: Received 'writeDeviceLevelSettings' request from package 'com.google.android.gms'...
04-14 00:28:38.938  3283  7107 I FacsCacheGmsModule: Operation 'writeDeviceLevelSettings' dispatched!
04-14 00:28:38.938  1591  4829 D CompatibilityInfo: mCompatibilityFlags - 0
04-14 00:28:38.938  1591  4829 D CompatibilityInfo: applicationDensity - 440
04-14 00:28:38.938  1591  4829 D CompatibilityInfo: applicationScale - 1.0
04-14 00:28:38.943  3283  9130 I FacsCacheGmsModule: Operation 'WriteDeviceLevelSettingsOperation' successful!
04-14 00:28:38.943  3283  9130 I FacsCacheGmsModule: Executing operation 'WriteDeviceLevelSettingsOperation'...
04-14 00:28:38.952 23886  9124 W gle.android.gm: Long monitor contention with owner lowpool[80] (9116) at djnl djnu.b(djnf, java.util.Set)(:com.google.android.gms@231213044@23.12.13 (190400-520023152):3) waiters=8 in djnl djnu.b(djnf, java.util.Set) for 352ms
04-14 00:28:38.954  1591  4829 D CompatibilityInfo: mCompatibilityFlags - 0
04-14 00:28:38.954  1591  4829 D CompatibilityInfo: applicationDensity - 440
04-14 00:28:38.954  1591  4829 D CompatibilityInfo: applicationScale - 1.0
04-14 00:28:38.956  6493  6493 I A       : (REDACTED) Refusing EXCLUSIVE task %s, it is already pending. Try again in %d seconds.
04-14 00:28:38.957 23886  9099 I ContactsLoggerIntent: handleUdcSettingChanged: Udc flag is enabled [CONTEXT service_id=135 ]
04-14 00:28:38.957  3283  9130 I FacsCacheGmsModule: Operation 'WriteDeviceLevelSettingsOperation' successful!
04-14 00:28:38.958 23886  9119 W DataCollectionRegistryC: missing CollectionDefinition for footprints-pa.googleapis.com/footprints.oneplatform.FootprintsService/GetActivityControlsSettings
04-14 00:28:38.958  3283  9130 I FacsCacheGmsModule: Executing operation 'WriteDeviceLevelSettingsOperation'...
04-14 00:28:38.962  1591  4829 D CompatibilityInfo: mCompatibilityFlags - 0
04-14 00:28:38.962  1591  4829 D CompatibilityInfo: applicationDensity - 440
04-14 00:28:38.962  1591  4829 D CompatibilityInfo: applicationScale - 1.0
04-14 00:28:38.965  3283  9130 I FacsCacheGmsModule: Operation 'WriteDeviceLevelSettingsOperation' successful!
04-14 00:28:38.970  1591  4846 D CompatibilityInfo: mCompatibilityFlags - 0
04-14 00:28:38.970  1591  4846 D CompatibilityInfo: applicationDensity - 440
04-14 00:28:38.970  1591  4846 D CompatibilityInfo: applicationScale - 1.0
04-14 00:28:38.971 23886  9099 I ContactsLoggerIntent: handleUdcSettingChanged: Udc flag is enabled [CONTEXT service_id=135 ]
04-14 00:28:38.973  6493  6493 I A       : (REDACTED) Refusing EXCLUSIVE task %s, it is already pending. Try again in %d seconds.
04-14 00:28:38.978  1591  4846 D CompatibilityInfo: mCompatibilityFlags - 0
04-14 00:28:38.978  1591  4846 D CompatibilityInfo: applicationDensity - 440
04-14 00:28:38.978  1591  4846 D CompatibilityInfo: applicationScale - 1.0
04-14 00:28:38.986 23886  9126 W gle.android.gm: Long monitor contention with owner lowpool[80] (9116) at djnl djnu.b(djnf, java.util.Set)(:com.google.android.gms@231213044@23.12.13 (190400-520023152):3) waiters=9 in djnl djnu.b(djnf, java.util.Set) for 384ms
04-14 00:28:38.987 23886  9100 I ContactsLoggerIntent: handleUdcSettingChanged: Udc flag is enabled [CONTEXT service_id=135 ]
04-14 00:28:38.989  1591  3312 D CompatibilityInfo: mCompatibilityFlags - 0
04-14 00:28:38.989  1591  3312 D CompatibilityInfo: applicationDensity - 440
04-14 00:28:38.989  1591  3312 D CompatibilityInfo: applicationScale - 1.0
04-14 00:28:38.990 23886  9109 W DataCollectionRegistryC: missing CollectionDefinition for footprints-pa.googleapis.com/footprints.oneplatform.FootprintsService/GetActivityControlsSettings
04-14 00:28:38.991  6493  6493 I A       : (REDACTED) Refusing EXCLUSIVE task %s, it is already pending. Try again in %d seconds.
04-14 00:28:38.995  1591  4846 D CompatibilityInfo: mCompatibilityFlags - 0
04-14 00:28:38.995  1591  4846 D CompatibilityInfo: applicationDensity - 440
04-14 00:28:38.995  1591  4846 D CompatibilityInfo: applicationScale - 1.0
04-14 00:28:39.001 23886 24056 I cr_CronetUrlRequestContext: destroyNativeStreamLocked org.chromium.net.impl.CronetBidirectionalStream@60724ce
04-14 00:28:39.003  1591  3312 D CompatibilityInfo: mCompatibilityFlags - 0
04-14 00:28:39.003  1591  3312 D CompatibilityInfo: applicationDensity - 440
04-14 00:28:39.003  1591  3312 D CompatibilityInfo: applicationScale - 1.0
04-14 00:28:39.004 23886 24056 I cr_CronetUrlRequestContext: destroyNativeStreamLocked org.chromium.net.impl.CronetBidirectionalStream@79beae8
04-14 00:28:39.005  6493  6493 I A       : (REDACTED) Refusing EXCLUSIVE task %s, it is already pending. Try again in %d seconds.
04-14 00:28:39.007 23886  9100 I ContactsLoggerIntent: handleUdcSettingChanged: Udc flag is enabled [CONTEXT service_id=135 ]
04-14 00:28:39.016  3283  7510 I FacsCacheGmsModule: Received 'writeDeviceLevelSettings' request from package 'com.google.android.gms'...
04-14 00:28:39.016  3283  7510 I FacsCacheGmsModule: Operation 'writeDeviceLevelSettings' dispatched!
04-14 00:28:39.016  3283  9097 I FacsCacheGmsModule: Executing operation 'WriteDeviceLevelSettingsOperation'...
04-14 00:28:39.020  1591  2118 D CompatibilityInfo: mCompatibilityFlags - 0
04-14 00:28:39.020  1591  2118 D CompatibilityInfo: applicationDensity - 440
04-14 00:28:39.020  1591  2118 D CompatibilityInfo: applicationScale - 1.0
04-14 00:28:39.022  3283  9097 I FacsCacheGmsModule: Operation 'WriteDeviceLevelSettingsOperation' successful!
04-14 00:28:39.023  3283  7510 I FacsCacheGmsModule: Received 'writeDeviceLevelSettings' request from package 'com.google.android.gms'...
04-14 00:28:39.025  3283  9130 I FacsCacheGmsModule: Executing operation 'WriteDeviceLevelSettingsOperation'...
04-14 00:28:39.026  3283  7510 I FacsCacheGmsModule: Operation 'writeDeviceLevelSettings' dispatched!
04-14 00:28:39.033 23886  9100 I ContactsLoggerIntent: handleUdcSettingChanged: Udc flag is enabled [CONTEXT service_id=135 ]
04-14 00:28:39.034  1591  4829 D CompatibilityInfo: mCompatibilityFlags - 0
04-14 00:28:39.034  1591  4829 D CompatibilityInfo: applicationDensity - 440
04-14 00:28:39.034  1591  4829 D CompatibilityInfo: applicationScale - 1.0
04-14 00:28:39.036 23886  9107 W DataCollectionRegistryC: missing CollectionDefinition for footprints-pa.googleapis.com/footprints.oneplatform.FootprintsService/GetActivityControlsSettings
04-14 00:28:39.036  6493  6493 I A       : (REDACTED) Refusing EXCLUSIVE task %s, it is already pending. Try again in %d seconds.
04-14 00:28:39.037  3283  9130 I FacsCacheGmsModule: Operation 'WriteDeviceLevelSettingsOperation' successful!
04-14 00:28:39.040 23886 24056 I cr_CronetUrlRequestContext: destroyNativeStreamLocked org.chromium.net.impl.CronetBidirectionalStream@799311d
04-14 00:28:39.043  1591  3312 D CompatibilityInfo: mCompatibilityFlags - 0
04-14 00:28:39.043  1591  3312 D CompatibilityInfo: applicationDensity - 440
04-14 00:28:39.043  1591  3312 D CompatibilityInfo: applicationScale - 1.0
04-14 00:28:39.048  3283  7510 I FacsCacheGmsModule: Received 'writeDeviceLevelSettings' request from package 'com.google.android.gms'...
04-14 00:28:39.048  3283  7510 I FacsCacheGmsModule: Operation 'writeDeviceLevelSettings' dispatched!
04-14 00:28:39.048  3283  9089 I FacsCacheGmsModule: Executing operation 'WriteDeviceLevelSettingsOperation'...
04-14 00:28:39.053  1591  3312 D CompatibilityInfo: mCompatibilityFlags - 0
04-14 00:28:39.053  1591  3312 D CompatibilityInfo: applicationDensity - 440
04-14 00:28:39.053  1591  3312 D CompatibilityInfo: applicationScale - 1.0
04-14 00:28:39.054 23886  9100 I ContactsLoggerIntent: handleUdcSettingChanged: Udc flag is enabled [CONTEXT service_id=135 ]
04-14 00:28:39.055  6493  6493 I A       : (REDACTED) Refusing EXCLUSIVE task %s, it is already pending. Try again in %d seconds.
04-14 00:28:39.057  3283  9089 I FacsCacheGmsModule: Operation 'WriteDeviceLevelSettingsOperation' successful!
04-14 00:28:39.059  1591  3312 D CompatibilityInfo: mCompatibilityFlags - 0
04-14 00:28:39.059  1591  3312 D CompatibilityInfo: applicationDensity - 440
04-14 00:28:39.059  1591  3312 D CompatibilityInfo: applicationScale - 1.0
04-14 00:28:39.066  1591  4846 D CompatibilityInfo: mCompatibilityFlags - 0
04-14 00:28:39.066  1591  4846 D CompatibilityInfo: applicationDensity - 440
04-14 00:28:39.066  1591  4846 D CompatibilityInfo: applicationScale - 1.0
04-14 00:28:39.068 23886  9099 I ContactsLoggerIntent: handleUdcSettingChanged: Udc flag is enabled [CONTEXT service_id=135 ]
04-14 00:28:39.069  6493  6493 I A       : (REDACTED) Refusing EXCLUSIVE task %s, it is already pending. Try again in %d seconds.
04-14 00:28:39.082 23886 24056 I cr_CronetUrlRequestContext: destroyNativeStreamLocked org.chromium.net.impl.CronetBidirectionalStream@8e1301c
04-14 00:28:39.089  3283  7510 I FacsCacheGmsModule: Received 'writeDeviceLevelSettings' request from package 'com.google.android.gms'...
04-14 00:28:39.090  3283  7510 I FacsCacheGmsModule: Operation 'writeDeviceLevelSettings' dispatched!
04-14 00:28:39.090  3283  9097 I FacsCacheGmsModule: Executing operation 'WriteDeviceLevelSettingsOperation'...
04-14 00:28:39.096  1591  2118 D CompatibilityInfo: mCompatibilityFlags - 0
04-14 00:28:39.096  1591  2118 D CompatibilityInfo: applicationDensity - 440
04-14 00:28:39.096  1591  2118 D CompatibilityInfo: applicationScale - 1.0
04-14 00:28:39.097  3283  9097 I FacsCacheGmsModule: Operation 'WriteDeviceLevelSettingsOperation' successful!
04-14 00:28:39.104  1591  4846 D CompatibilityInfo: mCompatibilityFlags - 0
04-14 00:28:39.104  1591  4846 D CompatibilityInfo: applicationDensity - 440
04-14 00:28:39.104  1591  4846 D CompatibilityInfo: applicationScale - 1.0
04-14 00:28:39.104 23886 24056 I cr_CronetUrlRequestContext: destroyNativeStreamLocked org.chromium.net.impl.CronetBidirectionalStream@1644077
04-14 00:28:39.106  6493  6493 I A       : (REDACTED) Refusing EXCLUSIVE task %s, it is already pending. Try again in %d seconds.
04-14 00:28:39.109 23886  9099 I ContactsLoggerIntent: handleUdcSettingChanged: Udc flag is enabled [CONTEXT service_id=135 ]
04-14 00:28:39.120  3283  7510 I FacsCacheGmsModule: Received 'writeDeviceLevelSettings' request from package 'com.google.android.gms'...
04-14 00:28:39.120  3283  7510 I FacsCacheGmsModule: Operation 'writeDeviceLevelSettings' dispatched!
04-14 00:28:39.121  3283  9089 I FacsCacheGmsModule: Executing operation 'WriteDeviceLevelSettingsOperation'...
04-14 00:28:39.126  1591  2118 D CompatibilityInfo: mCompatibilityFlags - 0
04-14 00:28:39.126  1591  2118 D CompatibilityInfo: applicationDensity - 440
04-14 00:28:39.126  1591  2118 D CompatibilityInfo: applicationScale - 1.0
04-14 00:28:39.128  3283  9089 I FacsCacheGmsModule: Operation 'WriteDeviceLevelSettingsOperation' successful!
04-14 00:28:39.136  1591  4846 D CompatibilityInfo: mCompatibilityFlags - 0
04-14 00:28:39.136  1591  4846 D CompatibilityInfo: applicationDensity - 440
04-14 00:28:39.136  1591  4846 D CompatibilityInfo: applicationScale - 1.0
04-14 00:28:39.137  6493  6493 I A       : (REDACTED) Refusing EXCLUSIVE task %s, it is already pending. Try again in %d seconds.
04-14 00:28:39.142 23886  9099 I ContactsLoggerIntent: handleUdcSettingChanged: Udc flag is enabled [CONTEXT service_id=135 ]
04-14 00:28:39.149 23886 23894 I gle.android.gm: Background concurrent copying GC freed 174460(7793KB) AllocSpace objects, 2(40KB) LOS objects, 49% free, 20MB/40MB, paused 95us,94us total 139.230ms
04-14 00:28:39.186  3283  9089 I NetworkScheduler.Stats: Task com.google.android.gms/com.google.android.gms.udc.service.UdcContextInitService finished executing. cause:5 result: 1 elapsed_millis: 2791 uptime_millis: 2792 exec_start_elapsed_seconds: 24304 [CONTEXT service_id=218 ]
04-14 00:28:39.477  5280  5393 I AudioManager: In isSpeakerphoneOn(), calling application: com.huaqin.sarcontroller
04-14 00:28:39.505  1591  2561 D MiuiNetworkPolicy: updateLimit mLimitEnabled=false,enabled=true,mNetworkPriorityMode=0
04-14 00:28:39.580  1068  2655 D displayfeature: readbrightness,out:88.
04-14 00:28:40.193  3149  3381 D NetworkController.MobileSignalController(1): update5GConnectState: false
04-14 00:28:40.194  3149  3381 D NetworkController.MobileSignalController(1): NotQcom5G, signal level = 5
04-14 00:28:40.489  5280  5393 I AudioManager: In isSpeakerphoneOn(), calling application: com.huaqin.sarcontroller
04-14 00:28:40.582  1068  2655 D displayfeature: readbrightness,out:88.
04-14 00:28:41.528  5280  5393 I AudioManager: In isSpeakerphoneOn(), calling application: com.huaqin.sarcontroller
04-14 00:28:41.583  1068  2655 D displayfeature: readbrightness,out:88.
04-14 00:28:41.697 22934 23023 I AS.CFG_ConfigRequest: 00:28:41.696[116] request: url = http://www.pullcf.com/config/group/v3
04-14 00:28:41.905 22934 23023 I AS.CFG_ConfigHelper: 00:28:41.905[116] sync()  server return jsonArray = null
04-14 00:28:42.550  5280  5393 I AudioManager: In isSpeakerphoneOn(), calling application: com.huaqin.sarcontroller
04-14 00:28:42.584  1068  2655 D displayfeature: readbrightness,out:88.
04-14 00:28:43.335  3149  3381 D NetworkController.MobileSignalController(1): update5GConnectState: false
04-14 00:28:43.336  3149  3381 D NetworkController.MobileSignalController(1): NotQcom5G, signal level = 5
04-14 00:28:43.580  5280  5393 I AudioManager: In isSpeakerphoneOn(), calling application: com.huaqin.sarcontroller
04-14 00:28:43.585  1068  2655 D displayfeature: readbrightness,out:88.
04-14 00:28:44.586  1068  2655 D displayfeature: readbrightness,out:88.
04-14 00:28:44.628  5280  5393 I AudioManager: In isSpeakerphoneOn(), calling application: com.huaqin.sarcontroller
04-14 00:28:45.587  1068  2655 D displayfeature: readbrightness,out:88.
04-14 00:28:45.663  5280  5393 I AudioManager: In isSpeakerphoneOn(), calling application: com.huaqin.sarcontroller
04-14 00:28:45.736 22934 23021 D DurationCollector: updateRecord. beginDate = 2023-04-14, isSameDay = true, infos = [{"beginTime":1681405224991,"appVerCode":5030568,"duration":1700732}]
04-14 00:28:45.990  3149  3381 D NetworkController.MobileSignalController(2): update5GConnectState: false
04-14 00:28:45.990  3149  3381 D NetworkController.MobileSignalController(2): NotQcom5G, signal level = 5
04-14 00:28:46.588  1068  2655 D displayfeature: readbrightness,out:88.
04-14 00:28:46.685  5280  5393 I AudioManager: In isSpeakerphoneOn(), calling application: com.huaqin.sarcontroller
04-14 00:28:46.794  6414  6797 D ThermalIECHandler: storeDataStyle: thermal_iec_monitor_persistence_data_style_iec_state; startIECTime: -1; IECScreenOffOverPeriodTime: 23279884
04-14 00:28:46.799  6414  6757 D PowerCheckerService: onBatteryChanged, mBatteryLevel = 32, status = 2, level = 32, plug = 2, scale = 100
04-14 00:28:46.800  6414  6593 D PowerKeeper.Thermal: mBatteryTemperature: 35
04-14 00:28:46.806 11258 11258 I BatteryInfoReceiver: ACTION_BATTERY_CHANGED
04-14 00:28:46.808  1591  2095 I android_os_HwBinder: HwBinder: Starting thread pool for getting: vendor.xiaomi.hardware.micharge@1.0::IMiCharge/default
04-14 00:28:46.809  1236  1263 E vendor.xiaomi.hardware.micharge@1.0-service: Failed to open node /sys/class/qcom-battery/reverse_chg_mode
04-14 00:28:46.809  1236  1263 I vendor.xiaomi.hardware.micharge@1.0-service: ReadFilePathValue path = /sys/class/qcom-battery/reverse_chg_mode value =
04-14 00:28:46.809  3093  3093 V DeviceStatisticsService: chargerType=2 batteryLevel=32 totalBatteryCapacity=2715100
04-14 00:28:46.811 11258 11258 I PowerNoticeUI: handleBatteryChanged oldPlugType 2 mPlugType 2 oldBatteryLevel 32 mBatteryLevel 32 temperature 350
04-14 00:28:46.821  1591  2095 I android_os_HwBinder: HwBinder: Starting thread pool for getting: vendor.xiaomi.hardware.micharge@1.0::IMiCharge/default
04-14 00:28:46.821  1236  1263 E vendor.xiaomi.hardware.micharge@1.0-service: Failed to open node /sys/class/qcom-battery/fastchg_mode
04-14 00:28:46.822  1236  1263 I vendor.xiaomi.hardware.micharge@1.0-service: ReadFilePathValue path = /sys/class/qcom-battery/fastchg_mode value =
04-14 00:28:47.589  1068  2655 D displayfeature: readbrightness,out:88.
04-14 00:28:47.715  5280  5393 I AudioManager: In isSpeakerphoneOn(), calling application: com.huaqin.sarcontroller
04-14 00:28:48.229  3149  3381 D NetworkController.MobileSignalController(2): update5GConnectState: false
04-14 00:28:48.230  3149  3381 D NetworkController.MobileSignalController(2): NotQcom5G, signal level = 5
04-14 00:28:48.590  1068  2655 D displayfeature: readbrightness,out:88.
04-14 00:28:48.760  5280  5393 I AudioManager: In isSpeakerphoneOn(), calling application: com.huaqin.sarcontroller
04-14 00:28:49.591  1068  2655 D displayfeature: readbrightness,out:88.
04-14 00:28:49.804  5280  5393 I AudioManager: In isSpeakerphoneOn(), calling application: com.huaqin.sarcontroller
04-14 00:28:49.923  3283  3283 D BoundBrokerSvc: onUnbind: Intent { act=com.google.android.gms.scheduler.ACTION_PROXY_SCHEDULE dat=chimera-action: cmp=com.google.android.gms/.chimera.PersistentApiService }
04-14 00:28:49.939  3283  3283 D BoundBrokerSvc: onUnbind: Intent { act=com.google.android.gms.phenotype.service.START dat=chimera-action: cmp=com.google.android.gms/.chimera.PersistentApiService }
04-14 00:28:50.469  3149  3381 D NetworkController.MobileSignalController(2): update5GConnectState: false
04-14 00:28:50.470  3149  3381 D NetworkController.MobileSignalController(2): NotQcom5G, signal level = 5
04-14 00:28:50.592  1068  2655 D displayfeature: readbrightness,out:88.
04-14 00:28:50.821  5280  5393 I AudioManager: In isSpeakerphoneOn(), calling application: com.huaqin.sarcontroller
04-14 00:28:51.593  1068  2655 D displayfeature: readbrightness,out:88.
04-14 00:28:51.867  5280  5393 I AudioManager: In isSpeakerphoneOn(), calling application: com.huaqin.sarcontroller
04-14 00:28:52.594  1068  2655 D displayfeature: readbrightness,out:88.
04-14 00:28:52.876  5280  5393 I AudioManager: In isSpeakerphoneOn(), calling application: com.huaqin.sarcontroller
04-14 00:28:53.455  1591  4846 D TelephonyManager: requestModemActivityInfo: Sending result to app: ModemActivityInfo{ mTimestamp=24322009 mSleepTimeMs=13085279 mIdleTimeMs=2461104 mTxTimeMs[]=[468, 125, 46, 1, 0] mRxTimeMs=8288056}
04-14 00:28:53.595  1068  2655 D displayfeature: readbrightness,out:88.
04-14 00:28:53.609 23886 23886 D BoundBrokerSvc: onUnbind: Intent { act=com.google.android.gms.facs.internal.service.START dat=chimera-action: cmp=com.google.android.gms/.chimera.GmsInternalApiService }
04-14 00:28:53.635  3283  3283 D BoundBrokerSvc: onUnbind: Intent { act=com.google.android.gms.auth.account.workaccount.START dat=chimera-action: cmp=com.google.android.gms/.chimera.PersistentApiService }
04-14 00:28:53.924  5280  5393 I AudioManager: In isSpeakerphoneOn(), calling application: com.huaqin.sarcontroller
04-14 00:28:54.158  3283  3283 D BoundBrokerSvc: onUnbind: Intent { act=com.google.android.gms.facs.cache.service.START dat=chimera-action: cmp=com.google.android.gms/.chimera.PersistentApiService }
04-14 00:28:54.596  1068  2655 D displayfeature: readbrightness,out:88.
04-14 00:28:54.933  6414  6797 D ThermalIECHandler: storeDataStyle: thermal_iec_monitor_persistence_data_style_iec_state; startIECTime: -1; IECScreenOffOverPeriodTime: 23279884
04-14 00:28:54.940  6414  6757 D PowerCheckerService: onBatteryChanged, mBatteryLevel = 32, status = 2, level = 32, plug = 2, scale = 100
04-14 00:28:54.941  6414  6593 D PowerKeeper.Thermal: mBatteryTemperature: 35
04-14 00:28:54.943  3093  3093 V DeviceStatisticsService: chargerType=2 batteryLevel=32 totalBatteryCapacity=2715100
04-14 00:28:54.946 11258 11258 I BatteryInfoReceiver: ACTION_BATTERY_CHANGED
04-14 00:28:54.949 11258 11258 I PowerNoticeUI: handleBatteryChanged oldPlugType 2 mPlugType 2 oldBatteryLevel 32 mBatteryLevel 32 temperature 350
04-14 00:28:54.960  5280  5393 I AudioManager: In isSpeakerphoneOn(), calling application: com.huaqin.sarcontroller
04-14 00:28:54.965  3149  3381 D NetworkController.MobileSignalController(2): update5GConnectState: false
04-14 00:28:54.965  3149  3381 D NetworkController.MobileSignalController(2): NotQcom5G, signal level = 5
04-14 00:28:55.597  1068  2655 D displayfeature: readbrightness,out:88.
04-14 00:28:56.006  5280  5393 I AudioManager: In isSpeakerphoneOn(), calling application: com.huaqin.sarcontroller
04-14 00:28:56.030  2936  3568 I Finsky  : [64] ijl.run(2): AIM: AppInfoManager-Perf > Destroying AppInfoManager ...
04-14 00:28:56.598  1068  2655 D displayfeature: readbrightness,out:88.
04-14 00:28:57.054  5280  5393 I AudioManager: In isSpeakerphoneOn(), calling application: com.huaqin.sarcontroller
04-14 00:28:57.190  3149  3381 D NetworkController.MobileSignalController(2): update5GConnectState: false
04-14 00:28:57.190  3149  3381 D NetworkController.MobileSignalController(2): NotQcom5G, signal level = 5
04-14 00:28:57.600  1068  2655 D displayfeature: readbrightness,out:88.
04-14 00:28:58.101  5280  5393 I AudioManager: In isSpeakerphoneOn(), calling application: com.huaqin.sarcontroller
04-14 00:28:58.601  1068  2655 D displayfeature: readbrightness,out:88.
04-14 00:28:58.846  2936  3588 I Finsky  : [72] ijl.run(2): AIM: AppInfoManager-Perf > Destroying AppInfoManager ...
04-14 00:28:59.150  2936  3589 I Finsky  : [73] ijl.run(2): AIM: AppInfoManager-Perf > Destroying AppInfoManager ...
04-14 00:28:59.151  5280  5393 I AudioManager: In isSpeakerphoneOn(), calling application: com.huaqin.sarcontroller
04-14 00:28:59.602  1068  2655 D displayfeature: readbrightness,out:88.
04-14 00:29:00.016  3149  3149 D KeyguardUpdateMonitor: received broadcast android.intent.action.TIME_TICK
04-14 00:29:00.041  3149  3149 D KeyguardUpdateMonitor: handleTimeUpdate
04-14 00:29:00.186  5280  5393 I AudioManager: In isSpeakerphoneOn(), calling application: com.huaqin.sarcontroller
04-14 00:29:00.603  1068  2655 D displayfeature: readbrightness,out:88.
04-14 00:29:01.204  5280  5393 I AudioManager: In isSpeakerphoneOn(), calling application: com.huaqin.sarcontroller
04-14 00:29:01.605  1068  2655 D displayfeature: readbrightness,out:88.
04-14 00:29:02.249  5280  5393 I AudioManager: In isSpeakerphoneOn(), calling application: com.huaqin.sarcontroller
04-14 00:29:02.606  1068  2655 D displayfeature: readbrightness,out:88.
04-14 00:29:02.983  3283  9135 I GCoreUlr: Successfully inserted 1 locations
04-14 00:29:03.028  3283  9097 I SemanticLocation: [Inferrer] IncrementalTimelineInferrer.predict() logs:
04-14 00:29:03.028  3283  9097 I SemanticLocation: Timeline Paths Enabled! Start Computing the timeline paths.
04-14 00:29:03.028  3283  9097 I SemanticLocation:
04-14 00:29:03.028  3283  9097 I SemanticLocation: [CONTEXT service_id=173 ]
04-14 00:29:03.065  6414  6797 D ThermalIECHandler: storeDataStyle: thermal_iec_monitor_persistence_data_style_iec_state; startIECTime: -1; IECScreenOffOverPeriodTime: 23279884
04-14 00:29:03.070  6414  6757 D PowerCheckerService: onBatteryChanged, mBatteryLevel = 32, status = 2, level = 32, plug = 2, scale = 100
04-14 00:29:03.071  6414  6593 D PowerKeeper.Thermal: mBatteryTemperature: 35
04-14 00:29:03.072  1591  2095 I android_os_HwBinder: HwBinder: Starting thread pool for getting: vendor.xiaomi.hardware.micharge@1.0::IMiCharge/default
04-14 00:29:03.073  1236  1263 E vendor.xiaomi.hardware.micharge@1.0-service: Failed to open node /sys/class/qcom-battery/reverse_chg_mode
04-14 00:29:03.073  1236  1263 I vendor.xiaomi.hardware.micharge@1.0-service: ReadFilePathValue path = /sys/class/qcom-battery/reverse_chg_mode value =
04-14 00:29:03.076 11258 11258 I BatteryInfoReceiver: ACTION_BATTERY_CHANGED
04-14 00:29:03.079 11258 11258 I PowerNoticeUI: handleBatteryChanged oldPlugType 2 mPlugType 2 oldBatteryLevel 32 mBatteryLevel 32 temperature 351
04-14 00:29:03.079  1591  2095 I android_os_HwBinder: HwBinder: Starting thread pool for getting: vendor.xiaomi.hardware.micharge@1.0::IMiCharge/default
04-14 00:29:03.080  1236  1263 E vendor.xiaomi.hardware.micharge@1.0-service: Failed to open node /sys/class/qcom-battery/fastchg_mode
04-14 00:29:03.080  1236  1263 I vendor.xiaomi.hardware.micharge@1.0-service: ReadFilePathValue path = /sys/class/qcom-battery/fastchg_mode value =
04-14 00:29:03.084  3093  3093 V DeviceStatisticsService: chargerType=2 batteryLevel=32 totalBatteryCapacity=2715100
04-14 00:29:03.268  5280  5393 I AudioManager: In isSpeakerphoneOn(), calling application: com.huaqin.sarcontroller
04-14 00:29:03.607  1068  2655 D displayfeature: readbrightness,out:88.
04-14 00:29:03.906  3149  3381 D NetworkController.MobileSignalController(2): update5GConnectState: false
04-14 00:29:03.906  3149  3381 D NetworkController.MobileSignalController(2): NotQcom5G, signal level = 5
04-14 00:29:04.312  5280  5393 I AudioManager: In isSpeakerphoneOn(), calling application: com.huaqin.sarcontroller
04-14 00:29:04.515  1591  2561 D MiuiNetworkPolicy: updateLimit mLimitEnabled=true,enabled=false,mNetworkPriorityMode=0
04-14 00:29:04.608  1068  2655 D displayfeature: readbrightness,out:88.
04-14 00:29:05.338  5280  5393 I AudioManager: In isSpeakerphoneOn(), calling application: com.huaqin.sarcontroller
04-14 00:29:05.609  1068  2655 D displayfeature: readbrightness,out:88.
04-14 00:29:05.972  3149  3381 D NetworkController.MobileSignalController(1): update5GConnectState: false
04-14 00:29:05.972  3149  3381 D NetworkController.MobileSignalController(1): NotQcom5G, signal level = 5
04-14 00:29:06.384  5280  5393 I AudioManager: In isSpeakerphoneOn(), calling application: com.huaqin.sarcontroller
04-14 00:29:06.608  8940  8962 E TestRunner: failed: horizontal_scroll_content_at_first_position(com.example.dogglers.HorizontalListTests)
04-14 00:29:06.608  8940  8962 E TestRunner: ----- begin exception -----
04-14 00:29:06.610  1068  2655 D displayfeature: readbrightness,out:88.
04-14 00:29:06.613  8940  8962 E TestRunner: java.lang.AssertionError: Activity never becomes requested state "[STARTED, RESUMED, DESTROYED, CREATED]" (last lifecycle transition = "PRE_ON_CREATE")
04-14 00:29:06.613  8940  8962 E TestRunner: 	at androidx.test.core.app.ActivityScenario.waitForActivityToBecomeAnyOf(ActivityScenario.java:338)
04-14 00:29:06.613  8940  8962 E TestRunner: 	at androidx.test.core.app.ActivityScenario.launchInternal(ActivityScenario.java:272)
04-14 00:29:06.613  8940  8962 E TestRunner: 	at androidx.test.core.app.ActivityScenario.launch(ActivityScenario.java:195)
04-14 00:29:06.613  8940  8962 E TestRunner: 	at androidx.test.ext.junit.rules.ActivityScenarioRule.lambda$new$0$ActivityScenarioRule(ActivityScenarioRule.java:70)
04-14 00:29:06.613  8940  8962 E TestRunner: 	at androidx.test.ext.junit.rules.ActivityScenarioRule$$Lambda$0.get(ActivityScenarioRule.java:70)
04-14 00:29:06.613  8940  8962 E TestRunner: 	at androidx.test.ext.junit.rules.ActivityScenarioRule.before(ActivityScenarioRule.java:103)
04-14 00:29:06.613  8940  8962 E TestRunner: 	at org.junit.rules.ExternalResource$1.evaluate(ExternalResource.java:46)
04-14 00:29:06.613  8940  8962 E TestRunner: 	at org.junit.rules.RunRules.evaluate(RunRules.java:20)
04-14 00:29:06.613  8940  8962 E TestRunner: 	at org.junit.runners.ParentRunner.runLeaf(ParentRunner.java:325)
04-14 00:29:06.613  8940  8962 E TestRunner: 	at org.junit.runners.BlockJUnit4ClassRunner.runChild(BlockJUnit4ClassRunner.java:78)
04-14 00:29:06.613  8940  8962 E TestRunner: 	at org.junit.runners.BlockJUnit4ClassRunner.runChild(BlockJUnit4ClassRunner.java:57)
04-14 00:29:06.613  8940  8962 E TestRunner: 	at org.junit.runners.ParentRunner$3.run(ParentRunner.java:290)
04-14 00:29:06.613  8940  8962 E TestRunner: 	at org.junit.runners.ParentRunner$1.schedule(ParentRunner.java:71)
04-14 00:29:06.613  8940  8962 E TestRunner: 	at org.junit.runners.ParentRunner.runChildren(ParentRunner.java:288)
04-14 00:29:06.613  8940  8962 E TestRunner: 	at org.junit.runners.ParentRunner.access$000(ParentRunner.java:58)
04-14 00:29:06.613  8940  8962 E TestRunner: 	at org.junit.runners.ParentRunner$2.evaluate(ParentRunner.java:268)
04-14 00:29:06.613  8940  8962 E TestRunner: 	at org.junit.runners.ParentRunner.run(ParentRunner.java:363)
04-14 00:29:06.613  8940  8962 E TestRunner: 	at androidx.test.ext.junit.runners.AndroidJUnit4.run(AndroidJUnit4.java:162)
04-14 00:29:06.613  8940  8962 E TestRunner: 	at org.junit.runners.Suite.runChild(Suite.java:128)
04-14 00:29:06.613  8940  8962 E TestRunner: 	at org.junit.runners.Suite.runChild(Suite.java:27)
04-14 00:29:06.613  8940  8962 E TestRunner: 	at org.junit.runners.ParentRunner$3.run(ParentRunner.java:290)
04-14 00:29:06.613  8940  8962 E TestRunner: 	at org.junit.runners.ParentRunner$1.schedule(ParentRunner.java:71)
04-14 00:29:06.613  8940  8962 E TestRunner: 	at org.junit.runners.ParentRunner.runChildren(ParentRunner.java:288)
04-14 00:29:06.613  8940  8962 E TestRunner: 	at org.junit.runners.ParentRunner.access$000(ParentRunner.java:58)
04-14 00:29:06.613  8940  8962 E TestRunner: 	at org.junit.runners.ParentRunner$2.evaluate(ParentRunner.java:268)
04-14 00:29:06.613  8940  8962 E TestRunner: 	at org.junit.runners.ParentRunner.run(ParentRunner.java:363)
04-14 00:29:06.613  8940  8962 E TestRunner: 	at org.junit.runner.JUnitCore.run(JUnitCore.java:137)
04-14 00:29:06.613  8940  8962 E TestRunner: 	at org.junit.runner.JUnitCore.run(JUnitCore.java:115)
04-14 00:29:06.613  8940  8962 E TestRunner: 	at androidx.test.internal.runner.TestExecutor.execute(TestExecutor.java:56)
04-14 00:29:06.613  8940  8962 E TestRunner: 	at androidx.test.runner.AndroidJUnitRunner.onStart(AndroidJUnitRunner.java:444)
04-14 00:29:06.613  8940  8962 E TestRunner: 	at android.app.Instrumentation$InstrumentationThread.run(Instrumentation.java:2284)
04-14 00:29:06.613  8940  8962 E TestRunner: ----- end exception -----
04-14 00:29:06.623  8940  8962 I TestRunner: finished: horizontal_scroll_content_at_first_position(com.example.dogglers.HorizontalListTests)
