04-14 00:26:41.045  1591  4846 E ActivityManager: 	at android.os.Binder.execTransactInternal(Binder.java:1182)
04-14 00:26:41.045  1591  4846 E ActivityManager: 	at android.os.Binder.execTransact(Binder.java:1146)
04-14 00:26:41.060  6414 10123 D PerfEngineController: ForegroundInfo{mForegroundPackageName='com.example.dogglers', mForegroundUid=10713, mForegroundPid=8940, mLastForegroundPackageName='com.mi.android.globallauncher', mLastForegroundUid=10076, mLastForegroundPid=3159, mMultiWindowForegroundPackageName='com.example.dogglers', mMultiWindowForegroundUid=10713, mFlags=0}
04-14 00:26:41.060 11258 11270 I ProcessMonitor: onForegroundInfoChanged: ForegroundInfo{mForegroundPackageName='com.example.dogglers', mForegroundUid=10713, mForegroundPid=8940, mLastForegroundPackageName='com.mi.android.globallauncher', mLastForegroundUid=10076, mLastForegroundPid=3159, mMultiWindowForegroundPackageName='com.example.dogglers', mMultiWindowForegroundUid=10713, mFlags=0}
04-14 00:26:41.060 12559 13376 D AutoInstallService: onForegroundInfoChanged: com.example.dogglers
04-14 00:26:41.060  6433  6592 I GST     : forePkg: com.example.dogglers, preForePkg: com.mi.android.globallauncher
04-14 00:26:41.060  3159  6190 D AppObserver: ForegroundInfo{mForegroundPackageName='com.example.dogglers', mForegroundUid=10713, mForegroundPid=8940, mLastForegroundPackageName='com.mi.android.globallauncher', mLastForegroundUid=10076, mLastForegroundPid=3159, mMultiWindowForegroundPackageName='com.example.dogglers', mMultiWindowForegroundUid=10713, mFlags=0}
04-14 00:26:41.062  6414  6797 D ThermalIECHandler: IECAll48Allowed: false; IECMonitorAllowed: false; IECTestState: false
04-14 00:26:41.062  6414  6777 D LS-ForegroundStatusManager: handleMessage ForegroundInfoChanged. pkg = com.example.dogglers, uid = 10713, mCurrentForegroundUid = 10076
04-14 00:26:41.062  6414  6777 D LS-ForegroundStatusManager: onForegroundChanged mCurrentForegroundUid = 10076, new uid = 10713
04-14 00:26:41.062 11258 11270 I GameBoosterService: onForegroundInfoChanged: Cur=com.example.dogglers	 last=com.mi.android.globallauncher
04-14 00:26:41.063  6414  6610 I ThermalInfoCollector: collectForgroundAppsInfo: com.mi.android.globallauncher
04-14 00:26:41.055  6414  6414 W ThermalInfoColl: type=1400 audit(0.0:9026): avc: denied { search } for name="battery" dev="sysfs" ino=49916 scontext=u:r:system_app:s0 tcontext=u:object_r:vendor_sysfs_battery_supply:s0 tclass=dir permissive=0
04-14 00:26:41.066  2716  2793 D HomeWallpaperRenderer: OFFSET  x: 1.0  y: 0.0
04-14 00:26:41.066  2716  3316 W OpenGLRenderer: Surface doesn't have any previously queued frames, nothing to readback from
04-14 00:26:41.072  3159  3159 D Launcher.Lifecycle: onWindowFocusChanged:false,UserHandle{0},ea335fd,true
04-14 00:26:41.072  3159  3159 D DecorView[Launcher]: onWindowFocusChanged hasWindowFocus false
04-14 00:26:41.073  8940  8957 D AppScoutStateMachine: 8940-ScoutStateMachinecreated
04-14 00:26:41.078 11258 11270 D GameBoosterService: onGameStatusChange foreground:ForegroundInfo{mForegroundPackageName='com.example.dogglers', mForegroundUid=10713, mForegroundPid=8940, mLastForegroundPackageName='com.mi.android.globallauncher', mLastForegroundUid=10076, mLastForegroundPid=3159, mMultiWindowForegroundPackageName='com.example.dogglers', mMultiWindowForegroundUid=10713, mFlags=0}
04-14 00:26:41.078 11258 11270 I VideoBoxUtils: isSupportVideoBox: true
04-14 00:26:41.079 11258 11270 I VideoToolBoxService: vtb is closed!!!
04-14 00:26:41.080  2716  2793 D HomeWallpaperRenderer: OFFSET  x: 1.0  y: 0.0
04-14 00:26:41.081  2716  3316 W OpenGLRenderer: Surface doesn't have any previously queued frames, nothing to readback from
04-14 00:26:41.082  6678  6893 I BtGatt.ScanManager: msg.what = 6, msg.arg1 = 100(mMiuiControllingType)
04-14 00:26:41.085  1591  2497 D CompatibilityInfo: mCompatibilityFlags - 0
04-14 00:26:41.085  1591  2497 D CompatibilityInfo: applicationDensity - 440
04-14 00:26:41.085  1591  2497 D CompatibilityInfo: applicationScale - 1.0
04-14 00:26:41.089 23886 23886 D BoundBrokerSvc: onBind: Intent { act=com.google.android.gms.measurement.START pkg=com.google.android.gms }
04-14 00:26:41.090 23886 23886 D BoundBrokerSvc: Loading bound service for intent: Intent { act=com.google.android.gms.measurement.START pkg=com.google.android.gms }
04-14 00:26:41.108  6414  6797 D ThermalIECHandler: storeDataStyle: thermal_iec_monitor_persistence_data_style_iec_state; startIECTime: -1; IECScreenOffOverPeriodTime: 23279884
04-14 00:26:41.108  6414  6797 D ThermalIECHandler: storeDataStyle: thermal_iec_monitor_persistence_data_style_iec_state; startIECTime: -1; IECScreenOffOverPeriodTime: 23279884
04-14 00:26:41.113  2716  2793 D HomeWallpaperRenderer: OFFSET  x: 1.0  y: 0.0
04-14 00:26:41.113  2716  3316 W OpenGLRenderer: Surface doesn't have any previously queued frames, nothing to readback from
04-14 00:26:41.114  3159  6190 E LauncherAnimationRunner: onAnimationStart
04-14 00:26:41.114  3159  6190 E LauncherAnimationRunner: onAnimationStart:   mode=1   taskId=2   isTranslucent=false
04-14 00:26:41.114  3159  6190 E LauncherAnimationRunner: onAnimationStart:   mode=0   taskId=8713   isTranslucent=false
04-14 00:26:41.114  3159  3159 E QuickstepAppTransitionManagerImpl: startIconLaunchAnimator:launcherClosing=true   iconLoc=Rect(859, 1174 - 1031, 1346)
04-14 00:26:41.115  3159  3159 E QuickstepAppTransitionManagerImpl: startOpeningWindowAnimators:iconLoc=Rect(859, 1174 - 1031, 1346)
04-14 00:26:41.115  3159  3159 E ClipAnimationHelper: updateSourceStack  mSourceInsets=Rect(0, 78 - 0, 44), mSourceStackBounds=Rect(0, 0 - 1080, 2340)
04-14 00:26:41.115  3159  3159 E ClipAnimationHelper: updateHomeStack  mSourceInsets=Rect(0, 78 - 0, 44), mHomeStackBounds=Rect(0, 0 - 1080, 2340)
04-14 00:26:41.115  3159  3159 E ClipAnimationHelper: updateTargetRect  mSourceRect=RectF(0.0, 78.0, 1080.0, 2418.0)   mTargetRect=RectF(0.0, 0.0, 1080.0, 2340.0)   mSourceWindowClipInsets=RectF(0.0, 78.0, 0.0, 0.0)   mHomeStackBounds=Rect(0, 0 - 1080, 2340)   targetRect=Rect(0, 0 - 1080, 2340)
04-14 00:26:41.116  3159  3159 I QuickstepAppTransitionManagerImpl: startOpeningWindowAnimators, currentDisplayRotation=0, homeRotation=0, startRectF=RectF(865.0, 1180.0, 1025.0, 1340.0), endRectF=RectF(0.0, 0.0, 1080.0, 2340.0), startRadius = 243.0, endRadius = 104.0, isUseTranslucentAnim = false
04-14 00:26:41.117  3159  7400 W FloatingIconLayer: getFloatingIconLayer
04-14 00:26:41.117  3159  3159 E QuickstepAppTransitionManagerImpl: startLauncherContentAnimator:isAppOpening=true
04-14 00:26:41.118  2716  2793 D HomeWallpaperRenderer: OFFSET  x: 1.0  y: 0.0
04-14 00:26:41.118  2716  3316 W OpenGLRenderer: Surface doesn't have any previously queued frames, nothing to readback from
04-14 00:26:41.121  3159  7400 W FloatingIconLayer: drawIcon
04-14 00:26:41.122  2716  2793 D HomeWallpaperRenderer: OFFSET  x: 1.0  y: 0.0
04-14 00:26:41.123  2716  3316 W OpenGLRenderer: Surface doesn't have any previously queued frames, nothing to readback from
04-14 00:26:41.142  2716  3316 W OpenGLRenderer: Surface doesn't have any previously queued frames, nothing to readback from
04-14 00:26:41.143  2716  2793 D HomeWallpaperRenderer: OFFSET  x: 1.0  y: 0.0
04-14 00:26:41.149 11258 11270 I SCTaskStackListener: onTaskStackChanged! inSplit = false
04-14 00:26:41.149 11258 11271 I SCTaskStackListener: onTaskStackChanged! inSplit = false
04-14 00:26:41.149  6414 10123 I MultiScreenObserver: onTaskStackChanged, splitScreenMode: false isCameraFloat: false isSmallScreen: false
04-14 00:26:41.149  3159  4525 D RecentsModel: onTaskStackChangedBackground
04-14 00:26:41.150  3159  3501 D RecentsModel: onTaskStackChangedBackground    MSG_TASK_STACK_CHANGE
04-14 00:26:41.150  3159  3501 D RecentsModel: preloadRecents
04-14 00:26:41.150  3159  3501 W RecentsModel: getRunningTask
04-14 00:26:41.151  3159  3501 W RecentsModel: getRunningTask   taskInfo=TaskInfo{userId=0 taskId=8713 displayId=0 isRunning=true baseIntent=Intent { act=android.intent.action.MAIN cat=[android.intent.category.LAUNCHER] flg=0x10200000 cmp=com.example.dogglers/.MainActivity } baseActivity=ComponentInfo{com.example.dogglers/com.example.dogglers.MainActivity} topActivity=ComponentInfo{com.example.dogglers/com.example.dogglers.MainActivity} origActivity=null realActivity=ComponentInfo{com.example.dogglers/com.example.dogglers.MainActivity} numActivities=1 lastActiveTime=24189710 supportsSplitScreenMultiWindow=true supportsMultiWindow=true resizeMode=1 isResizeable=true token=WCT{android.window.IWindowContainerToken$Stub$Proxy@66a5b08} topActivityType=1 pictureInPictureParams=PictureInPictureParams( aspectRatio=null sourceRectHint=null hasSetActions=false isAutoPipEnabled=false isSeamlessResizeEnabled=true) displayCutoutSafeInsets=Rect(0, 78 - 0, 0) topActivityInfo=ActivityInfo{33562a1 com.example.dogglers.MainActivity} launchCookies=[] positionInParent=Point(0, 0) parentTaskId=-1 isFocused=false isVisible=true topActivityInSizeCompat=false locusId= null windowMode=0}
04-14 00:26:41.151  3159  3501 W RecentsModel: getTaskInfoIgnoreHomeAndFreeform   taskInfo=ComponentInfo{com.example.dogglers/com.example.dogglers.MainActivity}
04-14 00:26:41.153  3159  3501 E ActivityManagerWrapper: get all recent tasks force including 8713
04-14 00:26:41.155  2716  2793 D HomeWallpaperRenderer: OFFSET  x: 1.0  y: 0.0
04-14 00:26:41.155  2716  3316 W OpenGLRenderer: Surface doesn't have any previously queued frames, nothing to readback from
04-14 00:26:41.156  3159  3501 E ActivityManagerWrapper: getRecentTasks: size=1
04-14 00:26:41.156  3159  3501 E ActivityManagerWrapper: getRecentTasks: taskId=8713   userId=0   baseIntent=Intent { act=android.intent.action.MAIN flag=270532608 cmp=ComponentInfo{com.example.dogglers/com.example.dogglers.MainActivity} }
04-14 00:26:41.158  3159  3227 D StatusBarController: handleMessage: flag 800000  disable false
04-14 00:26:41.172  8940  8940 D LifecycleMonitor: Lifecycle status change: com.example.dogglers.MainActivity@c8399ec in: PRE_ON_CREATE
04-14 00:26:41.172  8940  8940 V ActivityScenario: Activity lifecycle changed event received but ignored because the intent does not match. startActivityIntent=Intent { act=android.intent.action.MAIN cat=[android.intent.category.LAUNCHER] cmp=com.example.dogglers/.HorizontalListActivity }, activity.getIntent()=Intent { act=android.intent.action.MAIN cat=[android.intent.category.LAUNCHER] flg=0x10200000 cmp=com.example.dogglers/.MainActivity bnds=[859,1174][1031,1346] (has extras) }, activity=com.example.dogglers.MainActivity@c8399ec
04-14 00:26:41.175  2716  3316 W OpenGLRenderer: Surface doesn't have any previously queued frames, nothing to readback from
04-14 00:26:41.178  2716  2793 D HomeWallpaperRenderer: OFFSET  x: 1.0  y: 0.0
04-14 00:26:41.191  2716  2793 D HomeWallpaperRenderer: OFFSET  x: 1.0  y: 0.0
04-14 00:26:41.191  2716  3316 W OpenGLRenderer: Surface doesn't have any previously queued frames, nothing to readback from
04-14 00:26:41.203  3159  7400 W FloatingIconLayer: release
04-14 00:26:41.208  2716  3316 W OpenGLRenderer: Surface doesn't have any previously queued frames, nothing to readback from
04-14 00:26:41.212  2716  2793 D HomeWallpaperRenderer: OFFSET  x: 1.0  y: 0.0
04-14 00:26:41.222  2716  2793 D HomeWallpaperRenderer: OFFSET  x: 1.0  y: 0.0
04-14 00:26:41.224  2716  3316 W OpenGLRenderer: Surface doesn't have any previously queued frames, nothing to readback from
04-14 00:26:41.227  5280  5393 I AudioManager: In isSpeakerphoneOn(), calling application: com.huaqin.sarcontroller
04-14 00:26:41.241  2716  2793 D HomeWallpaperRenderer: OFFSET  x: 1.0  y: 0.0
04-14 00:26:41.241  2716  3316 W OpenGLRenderer: Surface doesn't have any previously queued frames, nothing to readback from
04-14 00:26:41.254  2716  2793 D HomeWallpaperRenderer: OFFSET  x: 1.0  y: 0.0
04-14 00:26:41.254  2716  3316 W OpenGLRenderer: Surface doesn't have any previously queued frames, nothing to readback from
04-14 00:26:41.270  2716  2793 D HomeWallpaperRenderer: OFFSET  x: 1.0  y: 0.0
04-14 00:26:41.270  2716  3316 W OpenGLRenderer: Surface doesn't have any previously queued frames, nothing to readback from
04-14 00:26:41.286  2716  3316 W OpenGLRenderer: Surface doesn't have any previously queued frames, nothing to readback from
04-14 00:26:41.287  2716  2793 D HomeWallpaperRenderer: OFFSET  x: 1.0  y: 0.0
04-14 00:26:41.303  2716  2793 D HomeWallpaperRenderer: OFFSET  x: 1.0  y: 0.0
04-14 00:26:41.304  2716  3316 W OpenGLRenderer: Surface doesn't have any previously queued frames, nothing to readback from
04-14 00:26:41.306  8940  8940 D IS_CTS_MODE: false
04-14 00:26:41.306  8940  8940 D MULTI_WINDOW_SWITCH_ENABLED: false
04-14 00:26:41.307  8940  8940 D IS_CTS_MODE: false
04-14 00:26:41.307  8940  8940 D MULTI_WINDOW_SWITCH_ENABLED: false
04-14 00:26:41.308  8940  8940 D IS_CTS_MODE: false
04-14 00:26:41.308  8940  8940 D MULTI_WINDOW_SWITCH_ENABLED: false
04-14 00:26:41.311  8940  8940 D DecorView[]: getWindowModeFromSystem  windowmode is 1
04-14 00:26:41.320  2716  3316 W OpenGLRenderer: Surface doesn't have any previously queued frames, nothing to readback from
04-14 00:26:41.320  2716  2793 D HomeWallpaperRenderer: OFFSET  x: 1.0  y: 0.0
04-14 00:26:41.332  3159  3159 D Launcher_UnlockAnimationStateMachine: mResetIdleStateRunnable
04-14 00:26:41.337  2716  2793 D HomeWallpaperRenderer: OFFSET  x: 1.0  y: 0.0
04-14 00:26:41.337  2716  3316 W OpenGLRenderer: Surface doesn't have any previously queued frames, nothing to readback from
04-14 00:26:41.350  8940  8940 W xample.doggler: Accessing hidden method Landroid/view/View;->computeFitSystemWindows(Landroid/graphics/Rect;Landroid/graphics/Rect;)Z (unsupported, reflection, allowed)
04-14 00:26:41.350  8940  8940 W xample.doggler: Accessing hidden method Landroid/view/ViewGroup;->makeOptionalFitsSystemWindows()V (unsupported, reflection, allowed)
04-14 00:26:41.354  2716  2793 D HomeWallpaperRenderer: OFFSET  x: 1.0  y: 0.0
04-14 00:26:41.354  2716  3316 W OpenGLRenderer: Surface doesn't have any previously queued frames, nothing to readback from
04-14 00:26:41.358  8940  8940 D LifecycleMonitor: Lifecycle status change: com.example.dogglers.MainActivity@c8399ec in: CREATED
04-14 00:26:41.359  8940  8940 V ActivityScenario: Activity lifecycle changed event received but ignored because the intent does not match. startActivityIntent=Intent { act=android.intent.action.MAIN cat=[android.intent.category.LAUNCHER] cmp=com.example.dogglers/.HorizontalListActivity }, activity.getIntent()=Intent { act=android.intent.action.MAIN cat=[android.intent.category.LAUNCHER] flg=0x10200000 cmp=com.example.dogglers/.MainActivity bnds=[859,1174][1031,1346] (has extras) }, activity=com.example.dogglers.MainActivity@c8399ec
04-14 00:26:41.361  8940  8940 D LifecycleMonitor: Lifecycle status change: com.example.dogglers.MainActivity@c8399ec in: STARTED
04-14 00:26:41.362  8940  8940 V ActivityScenario: Activity lifecycle changed event received but ignored because the intent does not match. startActivityIntent=Intent { act=android.intent.action.MAIN cat=[android.intent.category.LAUNCHER] cmp=com.example.dogglers/.HorizontalListActivity }, activity.getIntent()=Intent { act=android.intent.action.MAIN cat=[android.intent.category.LAUNCHER] flg=0x10200000 cmp=com.example.dogglers/.MainActivity bnds=[859,1174][1031,1346] (has extras) }, activity=com.example.dogglers.MainActivity@c8399ec
04-14 00:26:41.366  8940  8940 D LifecycleMonitor: Lifecycle status change: com.example.dogglers.MainActivity@c8399ec in: RESUMED
04-14 00:26:41.366  8940  8940 V ActivityScenario: Activity lifecycle changed event received but ignored because the intent does not match. startActivityIntent=Intent { act=android.intent.action.MAIN cat=[android.intent.category.LAUNCHER] cmp=com.example.dogglers/.HorizontalListActivity }, activity.getIntent()=Intent { act=android.intent.action.MAIN cat=[android.intent.category.LAUNCHER] flg=0x10200000 cmp=com.example.dogglers/.MainActivity bnds=[859,1174][1031,1346] (has extras) }, activity=com.example.dogglers.MainActivity@c8399ec
04-14 00:26:41.370  2716  2793 D HomeWallpaperRenderer: OFFSET  x: 1.0  y: 0.0
04-14 00:26:41.370  2716  3316 W OpenGLRenderer: Surface doesn't have any previously queued frames, nothing to readback from
04-14 00:26:41.387  2716  2793 D HomeWallpaperRenderer: OFFSET  x: 1.0  y: 0.0
04-14 00:26:41.387  2716  3316 W OpenGLRenderer: Surface doesn't have any previously queued frames, nothing to readback from
04-14 00:26:41.395  3159  3159 D RecentsImpl: mActivityStateObserver com.example.dogglers.MainActivity
04-14 00:26:41.395  3159  3159 W RecentsImpl: onResumed className=com.example.dogglers.MainActivity   mIsInAnotherPro=false   isKeyguardLocked=false
04-14 00:26:41.395  3159  3328 W RecentsImpl: disableTouchBySwipeStatusBar    disable=false
04-14 00:26:41.395  3159  3328 D GestureStubView_Touch: disableTouchBySwipeStatusBar    old=false   new=false
04-14 00:26:41.395  3159  3328 D GestureStubView_Touch: disableTouchBySwipeStatusBar    old=false   new=false
04-14 00:26:41.395  3159  3328 W RecentsImpl: disableBackStubWindow    disableTouch=false
04-14 00:26:41.395  3159  3328 D GestureStubView_Touch: disableTouch    old=false   new=false
04-14 00:26:41.395  3159  3328 D GestureStubView_Touch: disableTouch    old=false   new=false
04-14 00:26:41.395  3159  3328 D RecentsImpl: showBackStubWindow  hasNavigationBar=true
04-14 00:26:41.396  3159  3328 D GestureStubView_Touch: setKeepHidden    old=false   new=false
04-14 00:26:41.396  3159  3328 W GestureStubView: adaptRotation   currentRotation=0   mRotation=0
04-14 00:26:41.396  3159  3328 D GestureStubView: resetRenderProperty: showGestureStub   isLayoutParamChanged=false
04-14 00:26:41.396  3159  3328 D GestureStubView_Touch: disableTouch    old=false   new=false
04-14 00:26:41.396  3159  3328 D GestureStubView: showGestureStub
04-14 00:26:41.396  3159  3328 D GestureStubView_Touch: setKeepHidden    old=false   new=false
04-14 00:26:41.396  3159  3329 D RecentsImpl: showNavStubView
04-14 00:26:41.396  3159  3329 D NavStubView_Touch: setKeepHidden    old=false   new=false
04-14 00:26:41.396  3159  3328 W GestureStubView: adaptRotation   currentRotation=0   mRotation=0
04-14 00:26:41.396  3159  3328 D GestureStubView: resetRenderProperty: showGestureStub   isLayoutParamChanged=false
04-14 00:26:41.396  3159  3328 D GestureStubView_Touch: disableTouch    old=false   new=false
04-14 00:26:41.396  3159  3328 D GestureStubView: showGestureStub
04-14 00:26:41.403  3159  3328 D GestureStubView: gatherTransparentRegion: need render w:54  h:1404
04-14 00:26:41.403  3159  3328 D GestureStubView: gatherTransparentRegion: need render w:54  h:1404
04-14 00:26:41.406  2716  3316 W OpenGLRenderer: Surface doesn't have any previously queued frames, nothing to readback from
04-14 00:26:41.406  2716  2793 D HomeWallpaperRenderer: OFFSET  x: 1.0  y: 0.0
04-14 00:26:41.420  2716  2793 D HomeWallpaperRenderer: OFFSET  x: 1.0  y: 0.0
04-14 00:26:41.420  2716  3316 W OpenGLRenderer: Surface doesn't have any previously queued frames, nothing to readback from
04-14 00:26:41.439  2716  3316 W OpenGLRenderer: Surface doesn't have any previously queued frames, nothing to readback from
04-14 00:26:41.440  8940  9036 I AdrenoGLES-0: QUALCOMM build                   : 1a315fd02c, I090e68fbb7
04-14 00:26:41.440  8940  9036 I AdrenoGLES-0: Build Date                       : 12/01/21
04-14 00:26:41.440  8940  9036 I AdrenoGLES-0: OpenGL ES Shader Compiler Version: EV031.32.02.16
04-14 00:26:41.440  8940  9036 I AdrenoGLES-0: Local Branch                     :
04-14 00:26:41.440  8940  9036 I AdrenoGLES-0: Remote Branch                    :
04-14 00:26:41.440  8940  9036 I AdrenoGLES-0: Remote Branch                    :
04-14 00:26:41.440  8940  9036 I AdrenoGLES-0: Reconstruct Branch               :
04-14 00:26:41.440  8940  9036 I AdrenoGLES-0: Build Config                     : S P 10.0.7 AArch64
04-14 00:26:41.440  8940  9036 I AdrenoGLES-0: Driver Path                      : /vendor/lib64/egl/libGLESv2_adreno.so
04-14 00:26:41.441  2716  2793 D HomeWallpaperRenderer: OFFSET  x: 1.0  y: 0.0
04-14 00:26:41.445  8940  9036 I AdrenoGLES-0: PFP: 0x016ee197, ME: 0x00000000
04-14 00:26:41.454  2716  2793 D HomeWallpaperRenderer: OFFSET  x: 1.0  y: 0.0
04-14 00:26:41.454  2716  3316 W OpenGLRenderer: Surface doesn't have any previously queued frames, nothing to readback from
04-14 00:26:41.461  1147  1366 I SDM     : HWCDisplay::GetColorModeCount: Supported color mode count = 1
04-14 00:26:41.461  1147  1366 I SDM     : HWCDisplay::GetColorModes: Color mode = 0 is supported
04-14 00:26:41.462  8940  9036 D hw-ProcessState: Binder ioctl to enable oneway spam detection failed: Invalid argument
04-14 00:26:41.466  1068  2655 D displayfeature: readbrightness,out:88.
04-14 00:26:41.472  2716  2793 D HomeWallpaperRenderer: OFFSET  x: 1.0  y: 0.0
04-14 00:26:41.472  2716  3316 W OpenGLRenderer: Surface doesn't have any previously queued frames, nothing to readback from
04-14 00:26:41.484  8940  9036 D xample.doggler: MiuiProcessManagerServiceStub setSchedFifo
04-14 00:26:41.484  8940  9036 I MiuiProcessManagerImpl: setSchedFifo pid:8940, mode:3
04-14 00:26:41.487  2716  2793 D HomeWallpaperRenderer: OFFSET  x: 1.0  y: 0.0
04-14 00:26:41.488  2716  3316 W OpenGLRenderer: Surface doesn't have any previously queued frames, nothing to readback from
04-14 00:26:41.504  2716  3316 W OpenGLRenderer: Surface doesn't have any previously queued frames, nothing to readback from
04-14 00:26:41.504  2716  2793 D HomeWallpaperRenderer: OFFSET  x: 1.0  y: 0.0
04-14 00:26:41.520  2716  2793 D HomeWallpaperRenderer: OFFSET  x: 1.0  y: 0.0
04-14 00:26:41.520  2716  3316 W OpenGLRenderer: Surface doesn't have any previously queued frames, nothing to readback from
04-14 00:26:41.537  2716  2793 D HomeWallpaperRenderer: OFFSET  x: 1.0  y: 0.0
04-14 00:26:41.537  2716  3316 W OpenGLRenderer: Surface doesn't have any previously queued frames, nothing to readback from
04-14 00:26:41.546  8940  9036 E xample.doggler: open libmigui.so failed! dlopen - dlopen failed: library "libmigui.so" not found
04-14 00:26:41.558  1591  2064 W ziparchive: Unable to open '/data/app/~~ssaSCAF3FVkxlrLgsGwOYg==/com.example.dogglers-qADqHaWy6kfDgW05mNzp-Q==/base.dm': No such file or directory
04-14 00:26:41.559  1169  3996 E ANDR-PERF-LM: ThreadHelper: thread_callback() 145: More than one pending updates!!! This should not happen. MeterMgr should avoid this case.
04-14 00:26:41.563  1591  3312 W InputManager-JNI: Input channel object 'd089051 Splash Screen com.example.dogglers (client)' was disposed without first being removed with the input manager!
04-14 00:26:41.567  1591  2064 I ActivityTaskManager: Displayed com.example.dogglers/.MainActivity: +567ms
04-14 00:26:41.568  1169  3996 E ANDR-PERF-LM: ThreadHelper: thread_callback() 145: More than one pending updates!!! This should not happen. MeterMgr should avoid this case.
04-14 00:26:41.572  2716  2793 D HomeWallpaperRenderer: OFFSET  x: 1.0  y: 0.0
04-14 00:26:41.573  2716  3316 W OpenGLRenderer: Surface doesn't have any previously queued frames, nothing to readback from
04-14 00:26:41.577  2716  2793 D HomeWallpaperRenderer: OFFSET  x: 1.0  y: 0.0
04-14 00:26:41.577  2716  3316 W OpenGLRenderer: Surface doesn't have any previously queued frames, nothing to readback from
04-14 00:26:41.583  8940  8940 D DecorView[]: onWindowFocusChanged hasWindowFocus true
04-14 00:26:41.588  2716  2793 D HomeWallpaperRenderer: OFFSET  x: 1.0  y: 0.0
04-14 00:26:41.588  2716  3316 W OpenGLRenderer: Surface doesn't have any previously queued frames, nothing to readback from
04-14 00:26:41.605  2716  2793 D HomeWallpaperRenderer: OFFSET  x: 1.0  y: 0.0
04-14 00:26:41.605  2716  3316 W OpenGLRenderer: Surface doesn't have any previously queued frames, nothing to readback from
04-14 00:26:41.622  2716  3316 W OpenGLRenderer: Surface doesn't have any previously queued frames, nothing to readback from
04-14 00:26:41.622  2716  2793 D HomeWallpaperRenderer: OFFSET  x: 1.0  y: 0.0
04-14 00:26:41.628  3159  3159 E LauncherAnimationRunner: finish: mFinishRunnable.run
04-14 00:26:41.649  6678  6893 I BtGatt.ScanManager: msg.what = 6, msg.arg1 = 100(mMiuiControllingType)
04-14 00:26:41.659  3159  3159 D Launcher.Lifecycle: onStop:UserHandle{0},ea335fd,false
04-14 00:26:41.659  3159  3159 D Launcher_UnlockAnimationStateMachine: onStop = IDLE
04-14 00:26:41.881  6678  6893 I BtGatt.ScanManager: msg.what = 6, msg.arg1 = 100(mMiuiControllingType)
04-14 00:26:41.884  3283  7510 I FontLog : Received query Noto Color Emoji Compat, URI content://com.google.android.gms.fonts [CONTEXT service_id=132 ]
04-14 00:26:41.884  3283  7510 I FontLog : Query [emojicompat-emoji-font] resolved to {Noto Color Emoji Compat, wdth 100.0, wght 400, ital 0.0, bestEffort false} [CONTEXT service_id=132 ]
04-14 00:26:41.888  3283  7510 I FontLog : Fetch {Noto Color Emoji Compat, wdth 100.0, wght 400, ital 0.0, bestEffort false} end status Status{statusCode=SUCCESS, resolution=null} [CONTEXT service_id=132 ]
04-14 00:26:41.894  3283  7510 I FontLog : Pulling font file for id = 241, cache size = 6 [CONTEXT service_id=132 ]
04-14 00:26:41.900  3283  7510 I FontLog : Pulling font file for id = 241, cache size = 6 [CONTEXT service_id=132 ]
04-14 00:26:42.269  5280  5393 I AudioManager: In isSpeakerphoneOn(), calling application: com.huaqin.sarcontroller
04-14 00:26:42.466  1068  2655 D displayfeature: readbrightness,out:88.
04-14 00:26:43.061  1591  4840 D CompatibilityInfo: mCompatibilityFlags - 0
04-14 00:26:43.061  1591  4840 D CompatibilityInfo: applicationDensity - 440
04-14 00:26:43.061  1591  4840 D CompatibilityInfo: applicationScale - 1.0
04-14 00:26:43.073  1591  5815 D CompatibilityInfo: mCompatibilityFlags - 0
04-14 00:26:43.073  1591  5815 D CompatibilityInfo: applicationDensity - 440
04-14 00:26:43.073  1591  5815 D CompatibilityInfo: applicationScale - 1.0
04-14 00:26:43.076  1591  5815 D CompatibilityInfo: mCompatibilityFlags - 0
04-14 00:26:43.076  1591  5815 D CompatibilityInfo: applicationDensity - 440
04-14 00:26:43.076  1591  5815 D CompatibilityInfo: applicationScale - 1.0
04-14 00:26:43.302  5280  5393 I AudioManager: In isSpeakerphoneOn(), calling application: com.huaqin.sarcontroller
04-14 00:26:43.407  1591  2539 D MIUIInput: [MotionEvent] publisher action=0x4, 12358144, channel '68c4518 NavigationBar0 (server)'
04-14 00:26:43.407  1591  2539 D MIUIInput: [MotionEvent] publisher action=0x0, 12358144, channel 'bf1a96d com.example.dogglers/com.example.dogglers.MainActivity (server)'
04-14 00:26:43.408  1169  1321 W ANDR-PERF-LM: FeatureState: readState() 151: warning: appName is NULL, returning default State
04-14 00:26:43.408  1169  1321 W ANDR-PERF-LM: FeatureState: readState() 151: warning: appName is NULL, returning default State
04-14 00:26:43.445  1169  3994 E ANDR-PERF-LM: DependentServices: getServices() 97: Service Tracker HAL could not find Client Connections
04-14 00:26:43.464  1591  2539 D MIUIInput: [MotionEvent] publisher action=0x1, 12358202, channel 'bf1a96d com.example.dogglers/com.example.dogglers.MainActivity (server)'
04-14 00:26:43.466  1068  2655 D displayfeature: readbrightness,out:88.
04-14 00:26:43.495  1591  4846 D CompatibilityInfo: mCompatibilityFlags - 0
04-14 00:26:43.495  1591  4846 D CompatibilityInfo: applicationDensity - 440
04-14 00:26:43.495  1591  4846 D CompatibilityInfo: applicationScale - 1.0
04-14 00:26:43.497  1591  4846 D ActivityTrigger: ActivityTrigger activityPauseTrigger
04-14 00:26:43.512  8940  8940 D LifecycleMonitor: Lifecycle status change: com.example.dogglers.MainActivity@c8399ec in: PAUSED
04-14 00:26:43.512  8940  8940 V ActivityScenario: Activity lifecycle changed event received but ignored because the intent does not match. startActivityIntent=Intent { act=android.intent.action.MAIN cat=[android.intent.category.LAUNCHER] cmp=com.example.dogglers/.HorizontalListActivity }, activity.getIntent()=Intent { act=android.intent.action.MAIN cat=[android.intent.category.LAUNCHER] flg=0x10200000 cmp=com.example.dogglers/.MainActivity bnds=[859,1174][1031,1346] (has extras) }, activity=com.example.dogglers.MainActivity@c8399ec
04-14 00:26:43.518  1591  4846 D CompatibilityInfo: mCompatibilityFlags - 0
04-14 00:26:43.518  1591  4846 D CompatibilityInfo: applicationDensity - 440
04-14 00:26:43.518  1591  4846 D CompatibilityInfo: applicationScale - 1.0
04-14 00:26:43.522  1591  4840 E ActivityManager: Sending non-protected broadcast thermalManagerCurrentActivity from system 6414:com.miui.powerkeeper/1000 pkg com.miui.powerkeeper
04-14 00:26:43.522  1591  4840 E ActivityManager: java.lang.Throwable
04-14 00:26:43.522  1591  4840 E ActivityManager: 	at com.android.server.am.ActivityManagerService.checkBroadcastFromSystem(ActivityManagerService.java:13189)
04-14 00:26:43.522  1591  4840 E ActivityManager: 	at com.android.server.am.ActivityManagerService.broadcastIntentLocked(ActivityManagerService.java:13794)
04-14 00:26:43.522  1591  4840 E ActivityManager: 	at com.android.server.am.ActivityManagerService.broadcastIntentLocked(ActivityManagerService.java:13207)
04-14 00:26:43.522  1591  4840 E ActivityManager: 	at com.android.server.am.ActivityManagerService.broadcastIntentWithFeature(ActivityManagerService.java:14048)
04-14 00:26:43.522  1591  4840 E ActivityManager: 	at android.app.IActivityManager$Stub.onTransact(IActivityManager.java:2439)
04-14 00:26:43.522  1591  4840 E ActivityManager: 	at com.android.server.am.ActivityManagerService.onTransact(ActivityManagerService.java:2561)
04-14 00:26:43.522  1591  4840 E ActivityManager: 	at android.os.Binder.execTransactInternal(Binder.java:1182)
04-14 00:26:43.522  1591  4840 E ActivityManager: 	at android.os.Binder.execTransact(Binder.java:1146)
04-14 00:26:43.522  1591  4840 E ActivityManager: Sending non-protected broadcast thermalManagerCurrentActivity from system 6414:com.miui.powerkeeper/1000 pkg com.miui.powerkeeper
04-14 00:26:43.522  1591  4840 E ActivityManager: java.lang.Throwable
04-14 00:26:43.522  1591  4840 E ActivityManager: 	at com.android.server.am.ActivityManagerService.checkBroadcastFromSystem(ActivityManagerService.java:13189)
04-14 00:26:43.522  1591  4840 E ActivityManager: 	at com.android.server.am.ActivityManagerService.broadcastIntentLocked(ActivityManagerService.java:13889)
04-14 00:26:43.522  1591  4840 E ActivityManager: 	at com.android.server.am.ActivityManagerService.broadcastIntentLocked(ActivityManagerService.java:13207)
04-14 00:26:43.522  1591  4840 E ActivityManager: 	at com.android.server.am.ActivityManagerService.broadcastIntentWithFeature(ActivityManagerService.java:14048)
04-14 00:26:43.522  1591  4840 E ActivityManager: 	at android.app.IActivityManager$Stub.onTransact(IActivityManager.java:2439)
04-14 00:26:43.522  1591  4840 E ActivityManager: 	at com.android.server.am.ActivityManagerService.onTransact(ActivityManagerService.java:2561)
04-14 00:26:43.522  1591  4840 E ActivityManager: 	at android.os.Binder.execTransactInternal(Binder.java:1182)
04-14 00:26:43.522  1591  4840 E ActivityManager: 	at android.os.Binder.execTransact(Binder.java:1146)
04-14 00:26:43.527  1591  2624 D ProcessManager: skip notify foregroundAppInfo:ApplicationInfo{7585180 com.example.dogglers}
04-14 00:26:43.551  8940  8940 D LifecycleMonitor: Lifecycle status change: com.example.dogglers.HorizontalListActivity@9d16c64 in: PRE_ON_CREATE
04-14 00:26:43.552  8940  8940 V ActivityScenario: Activity lifecycle changed event received but ignored because the intent does not match. startActivityIntent=Intent { act=android.intent.action.MAIN cat=[android.intent.category.LAUNCHER] cmp=com.example.dogglers/.HorizontalListActivity }, activity.getIntent()=Intent { cmp=com.example.dogglers/.HorizontalListActivity }, activity=com.example.dogglers.HorizontalListActivity@9d16c64
04-14 00:26:43.585  8940  8940 D IS_CTS_MODE: false
04-14 00:26:43.585  8940  8940 D MULTI_WINDOW_SWITCH_ENABLED: false
04-14 00:26:43.588  8940  8940 D DecorView[]: getWindowModeFromSystem  windowmode is 1
04-14 00:26:43.606  8940  8940 D LifecycleMonitor: Lifecycle status change: com.example.dogglers.HorizontalListActivity@9d16c64 in: CREATED
04-14 00:26:43.607  8940  8940 V ActivityScenario: Activity lifecycle changed event received but ignored because the intent does not match. startActivityIntent=Intent { act=android.intent.action.MAIN cat=[android.intent.category.LAUNCHER] cmp=com.example.dogglers/.HorizontalListActivity }, activity.getIntent()=Intent { cmp=com.example.dogglers/.HorizontalListActivity }, activity=com.example.dogglers.HorizontalListActivity@9d16c64
04-14 00:26:43.609  8940  8940 D LifecycleMonitor: Lifecycle status change: com.example.dogglers.HorizontalListActivity@9d16c64 in: STARTED
04-14 00:26:43.610  8940  8940 V ActivityScenario: Activity lifecycle changed event received but ignored because the intent does not match. startActivityIntent=Intent { act=android.intent.action.MAIN cat=[android.intent.category.LAUNCHER] cmp=com.example.dogglers/.HorizontalListActivity }, activity.getIntent()=Intent { cmp=com.example.dogglers/.HorizontalListActivity }, activity=com.example.dogglers.HorizontalListActivity@9d16c64
04-14 00:26:43.613  8940  8940 D LifecycleMonitor: Lifecycle status change: com.example.dogglers.HorizontalListActivity@9d16c64 in: RESUMED
04-14 00:26:43.613  8940  8940 V ActivityScenario: Activity lifecycle changed event received but ignored because the intent does not match. startActivityIntent=Intent { act=android.intent.action.MAIN cat=[android.intent.category.LAUNCHER] cmp=com.example.dogglers/.HorizontalListActivity }, activity.getIntent()=Intent { cmp=com.example.dogglers/.HorizontalListActivity }, activity=com.example.dogglers.HorizontalListActivity@9d16c64
04-14 00:26:43.623  3159  4525 D RecentsModel: onTaskStackChangedBackground
04-14 00:26:43.623  3159  3501 D RecentsModel: onTaskStackChangedBackground    MSG_TASK_STACK_CHANGE
04-14 00:26:43.623  3159  3501 D RecentsModel: preloadRecents
04-14 00:26:43.623  3159  3501 W RecentsModel: getRunningTask
04-14 00:26:43.625  6414 10123 I MultiScreenObserver: onTaskStackChanged, splitScreenMode: false isCameraFloat: false isSmallScreen: false
04-14 00:26:43.625 11258 11271 I SCTaskStackListener: onTaskStackChanged! inSplit = false
04-14 00:26:43.625 11258 11270 I SCTaskStackListener: onTaskStackChanged! inSplit = false
04-14 00:26:43.625  3159  3501 W RecentsModel: getRunningTask   taskInfo=TaskInfo{userId=0 taskId=8713 displayId=0 isRunning=true baseIntent=Intent { act=android.intent.action.MAIN cat=[android.intent.category.LAUNCHER] flg=0x10200000 cmp=com.example.dogglers/.MainActivity } baseActivity=ComponentInfo{com.example.dogglers/com.example.dogglers.MainActivity} topActivity=ComponentInfo{com.example.dogglers/com.example.dogglers.HorizontalListActivity} origActivity=null realActivity=ComponentInfo{com.example.dogglers/com.example.dogglers.MainActivity} numActivities=2 lastActiveTime=24192184 supportsSplitScreenMultiWindow=true supportsMultiWindow=true resizeMode=1 isResizeable=true token=WCT{android.window.IWindowContainerToken$Stub$Proxy@bce213f} topActivityType=1 pictureInPictureParams=PictureInPictureParams( aspectRatio=null sourceRectHint=null hasSetActions=false isAutoPipEnabled=false isSeamlessResizeEnabled=true) displayCutoutSafeInsets=Rect(0, 78 - 0, 0) topActivityInfo=ActivityInfo{a9f8a0c com.example.dogglers.HorizontalListActivity} launchCookies=[] positionInParent=Point(0, 0) parentTaskId=-1 isFocused=false isVisible=true topActivityInSizeCompat=false locusId= null windowMode=0}
04-14 00:26:43.625  3159  3501 W RecentsModel: getTaskInfoIgnoreHomeAndFreeform   taskInfo=ComponentInfo{com.example.dogglers/com.example.dogglers.MainActivity}
04-14 00:26:43.626  3159  3501 E ActivityManagerWrapper: get all recent tasks force including 8713
04-14 00:26:43.627  3159  3501 E ActivityManagerWrapper: getRecentTasks: size=1
04-14 00:26:43.627  3159  3501 E ActivityManagerWrapper: getRecentTasks: taskId=8713   userId=0   baseIntent=Intent { act=android.intent.action.MAIN flag=270532608 cmp=ComponentInfo{com.example.dogglers/com.example.dogglers.MainActivity} }
04-14 00:26:43.646  3159  3159 D RecentsImpl: mActivityStateObserver com.example.dogglers.HorizontalListActivity
04-14 00:26:43.647  3159  3159 W RecentsImpl: onResumed className=com.example.dogglers.HorizontalListActivity   mIsInAnotherPro=false   isKeyguardLocked=false
04-14 00:26:43.647  3159  3328 W RecentsImpl: disableTouchBySwipeStatusBar    disable=false
04-14 00:26:43.647  3159  3328 D GestureStubView_Touch: disableTouchBySwipeStatusBar    old=false   new=false
04-14 00:26:43.647  3159  3328 D GestureStubView_Touch: disableTouchBySwipeStatusBar    old=false   new=false
04-14 00:26:43.647  3159  3328 W RecentsImpl: disableBackStubWindow    disableTouch=false
04-14 00:26:43.647  3159  3328 D GestureStubView_Touch: disableTouch    old=false   new=false
04-14 00:26:43.647  3159  3328 D GestureStubView_Touch: disableTouch    old=false   new=false
04-14 00:26:43.647  3159  3328 D RecentsImpl: showBackStubWindow  hasNavigationBar=true
04-14 00:26:43.647  3159  3328 D GestureStubView_Touch: setKeepHidden    old=false   new=false
04-14 00:26:43.647  3159  3328 W GestureStubView: adaptRotation   currentRotation=0   mRotation=0
04-14 00:26:43.647  3159  3328 D GestureStubView: resetRenderProperty: showGestureStub   isLayoutParamChanged=false
04-14 00:26:43.647  3159  3328 D GestureStubView_Touch: disableTouch    old=false   new=false
04-14 00:26:43.647  3159  3328 D GestureStubView: showGestureStub
04-14 00:26:43.647  3159  3328 D GestureStubView_Touch: setKeepHidden    old=false   new=false
04-14 00:26:43.648  3159  3328 W GestureStubView: adaptRotation   currentRotation=0   mRotation=0
04-14 00:26:43.648  3159  3328 D GestureStubView: resetRenderProperty: showGestureStub   isLayoutParamChanged=false
04-14 00:26:43.648  3159  3328 D GestureStubView_Touch: disableTouch    old=false   new=false
04-14 00:26:43.648  3159  3328 D GestureStubView: showGestureStub
04-14 00:26:43.648  3159  3329 D RecentsImpl: showNavStubView
04-14 00:26:43.648  3159  3329 D NavStubView_Touch: setKeepHidden    old=false   new=false
04-14 00:26:43.653  3159  3328 D GestureStubView: gatherTransparentRegion: need render w:54  h:1404
04-14 00:26:43.653  3159  3328 D GestureStubView: gatherTransparentRegion: need render w:54  h:1404
04-14 00:26:43.768  8940  8940 D DecorView[]: onWindowFocusChanged hasWindowFocus false
04-14 00:26:43.779  1169  3996 E ANDR-PERF-LM: ThreadHelper: thread_callback() 145: More than one pending updates!!! This should not happen. MeterMgr should avoid this case.
04-14 00:26:43.782  1591  2064 I ActivityTaskManager: Displayed com.example.dogglers/.HorizontalListActivity: +292ms
04-14 00:26:43.783  1169  3996 E ANDR-PERF-LM: ThreadHelper: thread_callback() 145: More than one pending updates!!! This should not happen. MeterMgr should avoid this case.
04-14 00:26:43.797  8940  8940 D DecorView[]: onWindowFocusChanged hasWindowFocus true
04-14 00:26:44.313  8940  8940 D LifecycleMonitor: Lifecycle status change: com.example.dogglers.MainActivity@c8399ec in: STOPPED
04-14 00:26:44.314  8940  8940 V ActivityScenario: Activity lifecycle changed event received but ignored because the intent does not match. startActivityIntent=Intent { act=android.intent.action.MAIN cat=[android.intent.category.LAUNCHER] cmp=com.example.dogglers/.HorizontalListActivity }, activity.getIntent()=Intent { act=android.intent.action.MAIN cat=[android.intent.category.LAUNCHER] flg=0x10200000 cmp=com.example.dogglers/.MainActivity bnds=[859,1174][1031,1346] (has extras) }, activity=com.example.dogglers.MainActivity@c8399ec
04-14 00:26:44.320  5280  5393 I AudioManager: In isSpeakerphoneOn(), calling application: com.huaqin.sarcontroller
04-14 00:26:44.467  1068  2655 D displayfeature: readbrightness,out:88.
04-14 00:26:44.627  6414  6797 D ThermalIECHandler: storeDataStyle: thermal_iec_monitor_persistence_data_style_iec_state; startIECTime: -1; IECScreenOffOverPeriodTime: 23279884
04-14 00:26:44.631  6414  6593 D PowerKeeper.Thermal: mBatteryTemperature: 35
04-14 00:26:44.632  6414  6757 D PowerCheckerService: onBatteryChanged, mBatteryLevel = 32, status = 2, level = 32, plug = 2, scale = 100
04-14 00:26:44.633 11258 11258 I BatteryInfoReceiver: ACTION_BATTERY_CHANGED
04-14 00:26:44.636 11258 11258 I PowerNoticeUI: handleBatteryChanged oldPlugType 2 mPlugType 2 oldBatteryLevel 32 mBatteryLevel 32 temperature 351
04-14 00:26:44.638  3093  3093 V DeviceStatisticsService: chargerType=2 batteryLevel=32 totalBatteryCapacity=2715100
04-14 00:26:45.030  3149  3381 D NetworkController.MobileSignalController(1): update5GConnectState: false
04-14 00:26:45.030  3149  3381 D NetworkController.MobileSignalController(1): NotQcom5G, signal level = 5
04-14 00:26:45.049  3149  3381 D NetworkController.MobileSignalController(2): update5GConnectState: false
04-14 00:26:45.050  3149  3381 D NetworkController.MobileSignalController(2): NotQcom5G, signal level = 5
04-14 00:26:45.366  5280  5393 I AudioManager: In isSpeakerphoneOn(), calling application: com.huaqin.sarcontroller
04-14 00:26:45.468  1068  2655 D displayfeature: readbrightness,out:88.
04-14 00:26:45.560  1591  4846 D CompatibilityInfo: mCompatibilityFlags - 0
04-14 00:26:45.560  1591  4846 D CompatibilityInfo: applicationDensity - 440
04-14 00:26:45.560  1591  4846 D CompatibilityInfo: applicationScale - 1.0
04-14 00:26:45.658  1591  1680 W System  : A resource failed to call release.
04-14 00:26:45.675  1591  1680 W System  : A resource failed to call close.
04-14 00:26:45.675  1591  1680 W System  : A resource failed to call close.
04-14 00:26:45.675  1591  1680 W System  : A resource failed to call close.
04-14 00:26:46.399  5280  5393 I AudioManager: In isSpeakerphoneOn(), calling application: com.huaqin.sarcontroller
04-14 00:26:46.469  1068  2655 D displayfeature: readbrightness,out:88.
04-14 00:26:46.671  2936  7883 I PlayCommon: [187] akwg.j(32): Preparing logs for uploading
04-14 00:26:46.683  2936  7883 I PlayCommon: [187] akwg.j(186): Connecting to server: https://play.googleapis.com/play/log?format=raw&proto_v2=true
04-14 00:26:46.953  2936  7883 I PlayCommon: [187] akwg.j(224): Successfully uploaded logs.
04-14 00:26:47.035  2936  7919 I PlayCommon: [188] akwg.j(32): Preparing logs for uploading
04-14 00:26:47.047  2936  7919 I PlayCommon: [188] akwg.j(186): Connecting to server: https://play.googleapis.com/play/log?format=raw&proto_v2=true
04-14 00:26:47.096  2936  7920 I PlayCommon: [189] akwg.j(32): Preparing logs for uploading
04-14 00:26:47.102  2936  7920 I PlayCommon: [189] akwg.j(186): Connecting to server: https://play.googleapis.com/play/log?format=raw&proto_v2=true
04-14 00:26:47.128  2936  7921 I PlayCommon: [190] akwg.j(32): Preparing logs for uploading
04-14 00:26:47.134  2936  7921 I PlayCommon: [190] akwg.j(186): Connecting to server: https://play.googleapis.com/play/log?format=raw&proto_v2=true
04-14 00:26:47.204  2936  7922 I PlayCommon: [191] akwg.j(32): Preparing logs for uploading
04-14 00:26:47.209  2936  7919 I PlayCommon: [188] akwg.j(224): Successfully uploaded logs.
04-14 00:26:47.213  2936  7922 I PlayCommon: [191] akwg.j(186): Connecting to server: https://play.googleapis.com/play/log?format=raw&proto_v2=true
04-14 00:26:47.244  2936  7923 I PlayCommon: [192] akwg.j(32): Preparing logs for uploading
04-14 00:26:47.253  2936  7923 I PlayCommon: [192] akwg.j(186): Connecting to server: https://play.googleapis.com/play/log?format=raw&proto_v2=true
04-14 00:26:47.315  2936  7925 I PlayCommon: [193] akwg.j(32): Preparing logs for uploading
04-14 00:26:47.321  2936  7931 I PlayCommon: [195] akwg.j(32): Preparing logs for uploading
04-14 00:26:47.323  2936  7926 I PlayCommon: [194] akwg.j(32): Preparing logs for uploading
04-14 00:26:47.330  2936  7925 I PlayCommon: [193] akwg.j(186): Connecting to server: https://play.googleapis.com/play/log?format=raw&proto_v2=true
04-14 00:26:47.332  2936  7926 I PlayCommon: [194] akwg.j(186): Connecting to server: https://play.googleapis.com/play/log?format=raw&proto_v2=true
04-14 00:26:47.341  2936  7931 I PlayCommon: [195] akwg.j(186): Connecting to server: https://play.googleapis.com/play/log?format=raw&proto_v2=true
04-14 00:26:47.366  2936  7922 I PlayCommon: [191] akwg.j(224): Successfully uploaded logs.
04-14 00:26:47.380  2936  7920 I PlayCommon: [189] akwg.j(224): Successfully uploaded logs.
04-14 00:26:47.406  2936  7921 I PlayCommon: [190] akwg.j(224): Successfully uploaded logs.
04-14 00:26:47.430  2936  7939 I PlayCommon: [196] akwg.j(32): Preparing logs for uploading
04-14 00:26:47.437  2936  7939 I PlayCommon: [196] akwg.j(186): Connecting to server: https://play.googleapis.com/play/log?format=raw&proto_v2=true
04-14 00:26:47.442  5280  5393 I AudioManager: In isSpeakerphoneOn(), calling application: com.huaqin.sarcontroller
04-14 00:26:47.469  1068  2655 D displayfeature: readbrightness,out:88.
04-14 00:26:47.484  2936  7923 I PlayCommon: [192] akwg.j(224): Successfully uploaded logs.
04-14 00:26:47.558  3103  3103 D TelephonyManager: requestModemActivityInfo: Sending result to app: ModemActivityInfo{ mTimestamp=24196117 mSleepTimeMs=13040005 mIdleTimeMs=2455074 mTxTimeMs[]=[468, 125, 46, 1, 0] mRxTimeMs=8213468}
04-14 00:26:47.582  2936  7939 I PlayCommon: [196] akwg.j(224): Successfully uploaded logs.
04-14 00:26:47.582  2936  7925 I PlayCommon: [193] akwg.j(224): Successfully uploaded logs.
04-14 00:26:47.590  2936  7926 I PlayCommon: [194] akwg.j(224): Successfully uploaded logs.
04-14 00:26:47.607  2936  7931 I PlayCommon: [195] akwg.j(224): Successfully uploaded logs.
04-14 00:26:47.941  6678  6893 I BtGatt.ScanManager: msg.what = 6, msg.arg1 = 100(mMiuiControllingType)
04-14 00:26:48.470  1068  2655 D displayfeature: readbrightness,out:88.
04-14 00:26:48.478  5280  5393 I AudioManager: In isSpeakerphoneOn(), calling application: com.huaqin.sarcontroller
04-14 00:26:49.471  1068  2655 D displayfeature: readbrightness,out:88.
04-14 00:26:49.516  5280  5393 I AudioManager: In isSpeakerphoneOn(), calling application: com.huaqin.sarcontroller
04-14 00:26:50.472  1068  2655 D displayfeature: readbrightness,out:88.
04-14 00:26:50.552  5280  5393 I AudioManager: In isSpeakerphoneOn(), calling application: com.huaqin.sarcontroller
04-14 00:26:50.584  8940  8962 E TestRunner: failed: recycler_view_item_count(com.example.dogglers.HorizontalListTests)
04-14 00:26:50.584  8940  8962 E TestRunner: ----- begin exception -----
04-14 00:26:50.589  8940  8962 E TestRunner: java.lang.AssertionError: Activity never becomes requested state "[STARTED, RESUMED, DESTROYED, CREATED]" (last lifecycle transition = "PRE_ON_CREATE")
04-14 00:26:50.589  8940  8962 E TestRunner: 	at androidx.test.core.app.ActivityScenario.waitForActivityToBecomeAnyOf(ActivityScenario.java:338)
04-14 00:26:50.589  8940  8962 E TestRunner: 	at androidx.test.core.app.ActivityScenario.launchInternal(ActivityScenario.java:272)
04-14 00:26:50.589  8940  8962 E TestRunner: 	at androidx.test.core.app.ActivityScenario.launch(ActivityScenario.java:195)
04-14 00:26:50.589  8940  8962 E TestRunner: 	at androidx.test.ext.junit.rules.ActivityScenarioRule.lambda$new$0$ActivityScenarioRule(ActivityScenarioRule.java:70)
04-14 00:26:50.589  8940  8962 E TestRunner: 	at androidx.test.ext.junit.rules.ActivityScenarioRule$$Lambda$0.get(ActivityScenarioRule.java:70)
04-14 00:26:50.589  8940  8962 E TestRunner: 	at androidx.test.ext.junit.rules.ActivityScenarioRule.before(ActivityScenarioRule.java:103)
04-14 00:26:50.589  8940  8962 E TestRunner: 	at org.junit.rules.ExternalResource$1.evaluate(ExternalResource.java:46)
04-14 00:26:50.589  8940  8962 E TestRunner: 	at org.junit.rules.RunRules.evaluate(RunRules.java:20)
04-14 00:26:50.589  8940  8962 E TestRunner: 	at org.junit.runners.ParentRunner.runLeaf(ParentRunner.java:325)
04-14 00:26:50.589  8940  8962 E TestRunner: 	at org.junit.runners.BlockJUnit4ClassRunner.runChild(BlockJUnit4ClassRunner.java:78)
04-14 00:26:50.589  8940  8962 E TestRunner: 	at org.junit.runners.BlockJUnit4ClassRunner.runChild(BlockJUnit4ClassRunner.java:57)
04-14 00:26:50.589  8940  8962 E TestRunner: 	at org.junit.runners.ParentRunner$3.run(ParentRunner.java:290)
04-14 00:26:50.589  8940  8962 E TestRunner: 	at org.junit.runners.ParentRunner$1.schedule(ParentRunner.java:71)
04-14 00:26:50.589  8940  8962 E TestRunner: 	at org.junit.runners.ParentRunner.runChildren(ParentRunner.java:288)
04-14 00:26:50.589  8940  8962 E TestRunner: 	at org.junit.runners.ParentRunner.access$000(ParentRunner.java:58)
04-14 00:26:50.589  8940  8962 E TestRunner: 	at org.junit.runners.ParentRunner$2.evaluate(ParentRunner.java:268)
04-14 00:26:50.589  8940  8962 E TestRunner: 	at org.junit.runners.ParentRunner.run(ParentRunner.java:363)
04-14 00:26:50.589  8940  8962 E TestRunner: 	at androidx.test.ext.junit.runners.AndroidJUnit4.run(AndroidJUnit4.java:162)
04-14 00:26:50.589  8940  8962 E TestRunner: 	at org.junit.runners.Suite.runChild(Suite.java:128)
04-14 00:26:50.589  8940  8962 E TestRunner: 	at org.junit.runners.Suite.runChild(Suite.java:27)
04-14 00:26:50.589  8940  8962 E TestRunner: 	at org.junit.runners.ParentRunner$3.run(ParentRunner.java:290)
04-14 00:26:50.589  8940  8962 E TestRunner: 	at org.junit.runners.ParentRunner$1.schedule(ParentRunner.java:71)
04-14 00:26:50.589  8940  8962 E TestRunner: 	at org.junit.runners.ParentRunner.runChildren(ParentRunner.java:288)
04-14 00:26:50.589  8940  8962 E TestRunner: 	at org.junit.runners.ParentRunner.access$000(ParentRunner.java:58)
04-14 00:26:50.589  8940  8962 E TestRunner: 	at org.junit.runners.ParentRunner$2.evaluate(ParentRunner.java:268)
